Testing TWSE for 2026-03-06...
TWSE returned 1072 rows
    stock_id stock_name      volume   open   high    low  close
238     1101         台泥  19804652.0  24.65  25.25  24.55  25.15
240     1102         亞泥   6976666.0  34.30  34.70  34.15  34.45
241     1103         嘉泥    251635.0  13.60  13.85  13.50  13.80
242     1104         環泥    656902.0  28.85  29.20  28.70  28.90
243     1108         幸福    241450.0  15.05  15.15  15.00  15.10

Testing TPEx for 2026-03-06...
TPEx returned 859 rows
    stock_id stock_name  close   open   high    low    volume
116     1240       茂生農經   58.8   59.0   59.1   58.7   42965.0
117     1259         安心   60.3   60.3   60.3   60.3    8484.0
118     1264         德麥  281.0  282.0  282.0  278.0   25015.0
119     1268       漢來美食  161.5  161.5  162.5  161.0   46018.0
120     1294       漢田生技   87.2   79.3   87.2   79.3  362099.0
